------------------------------------------------------------
Timing Analyzer Summary
------------------------------------------------------------

Type  : Slow 1100mV 85C Model Setup 'clk'
Slack : 0.008
TNS   : 0.000

Type  : Slow 1100mV 85C Model Hold 'clk'
Slack : 0.374
TNS   : 0.000

Type  : Slow 1100mV 85C Model Minimum Pulse Width 'clk'
Slack : -0.394
TNS   : -1.050

Type  : Slow 1100mV 0C Model Setup 'clk'
Slack : -0.016
TNS   : -0.032

Type  : Slow 1100mV 0C Model Hold 'clk'
Slack : 0.392
TNS   : 0.000

Type  : Slow 1100mV 0C Model Minimum Pulse Width 'clk'
Slack : -0.394
TNS   : -1.146

Type  : Fast 1100mV 85C Model Setup 'clk'
Slack : 0.421
TNS   : 0.000

Type  : Fast 1100mV 85C Model Hold 'clk'
Slack : 0.182
TNS   : 0.000

Type  : Fast 1100mV 85C Model Minimum Pulse Width 'clk'
Slack : -0.083
TNS   : -0.166

Type  : Fast 1100mV 0C Model Setup 'clk'
Slack : 0.443
TNS   : 0.000

Type  : Fast 1100mV 0C Model Hold 'clk'
Slack : 0.174
TNS   : 0.000

Type  : Fast 1100mV 0C Model Minimum Pulse Width 'clk'
Slack : -0.081
TNS   : -0.162

------------------------------------------------------------
